api/useGetGender.tsx(17,45): error TS7006: Parameter 'item' implicitly has an 'any' type.
app/(routes)/shop/[categorySlug]/page.tsx(30,55): error TS18048: 'categorySlug' is possibly 'undefined'.
components/choose-gender.tsx(30,127): error TS2339: Property 'category_name' does not exist on type 'GenderType'.
